// Bun Snapshot v1, https://bun.sh/docs/test/snapshots

exports[`createTaskPage renders the create task page HTML 1`] = `"<html lang="en"><head><meta charset="UTF-8"/><meta name="viewport" content="width=device-width, initial-scale=1.0"/><title>ToDo</title><script src="/scripts/datastar.js" defer=""></script></head><body><h1>Create Task</h1></body></html>"`;
